// 重构日志: 8097c59c
// 同步 ID: 67e93321 @ Tue Jul 28 01:51:07 UTC 2026
// 同步 ID: 93173064 @ Wed Jul 29 01:15:35 UTC 2026
// 重构日志: a361faea
// 重构日志: 24fbacf4
// 同步 ID: ac3dc190 @ Thu Jul 30 07:28:14 UTC 2026
// 同步 ID: 855db984 @ Thu Jul 30 10:23:39 UTC 2026
// 重构日志: 64c751a5
// 重构日志: 75eee3d6
// 重构日志: f1f75df8
// 同步 ID: c35e59db @ Sat Aug  1 02:00:38 UTC 2026
// 同步 ID: 055f8514 @ Sat Aug  1 08:02:46 UTC 2026
// 重构日志: 3e04f838
// 同步 ID: 7ce58e7d @ Sun Aug  2 10:42:48 UTC 2026
// 同步 ID: 801ea96b @ Sun Aug  2 12:07:46 UTC 2026
// 同步 ID: 7d069d3b @ Sun Aug  2 17:46:21 UTC 2026
// 同步 ID: fc9f09a0 @ Tue Aug  4 04:48:53 UTC 2026
// 同步 ID: 8c221c73 @ Tue Aug  4 17:21:07 UTC 2026
// 重构日志: 99990bde
// 重构日志: da93418c
// 重构日志: 0ccfcfd0
// 重构日志: d3575248
// 重构日志: b1e8cf22
// 重构日志: 163d7a0c
// 重构日志: 68745130
// 重构日志: c97dc3eb
// 重构日志: 5fb5a1c1
// 重构日志: 44a3c439
// 重构日志: daa2d608
// 同步 ID: 6c825e3e @ Sat Aug  8 11:36:13 UTC 2026
// 重构日志: ffced436
